# -*-compilation-*-
Processing `C:/Users/guita/OneDrive/Documents/Emacs/BlogTest/test.ly'
Parsing...
Interpreting music...
C:/Users/guita/OneDrive/Documents/Emacs/BlogTest/test.ly:52:1: warning: strange time signature found: 4/5

\time 4/5
C:/Users/guita/OneDrive/Documents/Emacs/BlogTest/test.ly:68:1: warning: barcheck failed at: 1/5

|
C:/Users/guita/OneDrive/Documents/Emacs/BlogTest/test.ly:72:1: warning: barcheck failed at: 2/5

|
Preprocessing graphical objects...
Finding the ideal number of pages...
Fitting music on 1 page...
Drawing systems...
Layout output to `./tmp-lilypond-7YInOj'...
Converting to `/Users/guita/OneDrive/Documents/Emacs/BlogTest/test.pdf'...
Deleting `./tmp-lilypond-7YInOj'...
Success: compilation successfully completed
